// Jest Snapshot v1, https://goo.gl/fbAQLP

exports[`Pruebas en Add Category debe mostrarse correctamente 1`] = `
<form
  onSubmit={[Function]}
>
  <input
    onChange={[Function]}
    placeholder="Ingresa la categoria"
    type="text"
    value=""
  />
</form>
`;
